
> onyx-launcher@0.0.102 prebuild
> npm run validate-icons


> onyx-launcher@0.0.102 validate-icons
> node scripts/validate-icons.js

­ƒöì Validating icon files...

Ô£ô resources/icon.svg exists (2.04 KB)
Ô£ô resources/icon.png exists (103.39 KB)
Ô£ô build/icon.ico exists (422.12 KB)
Ô£ô build/icon.png exists (12.38 KB)

Ô£à All required icon files are valid!

node.exe : (node:8640) [MODULE_TYPELESS_PACKAGE_JSON] Warning: Module type of 
file:///C:/Github/games/scripts/validate-icons.js is not specified and it doesn't parse as CommonJS.
At line:1 char:1
+ & "C:\Program Files\nodejs/node.exe" "C:\Program Files\nodejs/node_mo ...
+ ~~~~~~~~~~~~~~~~~~~~~~~~~~~~~~~~~~~~~~~~~~~~~~~~~~~~~~~~~~~~~~~~~~~~~
    + CategoryInfo          : NotSpecified: ((node:8640) [MO...se as CommonJS.:String) [], RemoteException
    + FullyQualifiedErrorId : NativeCommandError
 
Reparsing as ES module because module syntax was detected. This incurs a performance overhead.
To eliminate this warning, add "type": "module" to C:\Github\games\package.json.
(Use `node --trace-warnings ...` to show where the warning was created)

> onyx-launcher@0.0.102 build
> tsc && vite build && tsc -p main/tsconfig.json && tsc -p main/tsconfig.preload.json

[33mThe CJS build of Vite's Node API is deprecated. See 
https://vite.dev/guide/troubleshooting.html#vite-cjs-node-api-deprecated for more details.[39m
[36mvite v5.4.21 [32mbuilding for production...[36m[39m
transforming...
[32mÔ£ô[39m 66 modules transformed.
rendering chunks...
computing gzip size...
[2m../dist/[22m[32mindex.html                 [39m[1m[2m  0.77 kB[22m[1m[22m[2m Ôöé gzip:   0.43 kB[22m
[2m../dist/[22m[32massets/icon-BHPE0yiq.png   [39m[1m[2m105.88 kB[22m[1m[22m
[2m../dist/[22m[35massets/index-CBfDhFcS.css  [39m[1m[2m 50.14 kB[22m[1m[22m[2m Ôöé gzip:   8.73 kB[22m
[2m../dist/[22m[36massets/index--EpKig8d.js   [39m[1m[33m569.29 kB[39m[22m[2m Ôöé gzip: 140.47 kB[22m
[33m
(!) Some chunks are larger than 500 kB after minification. Consider:
- Using dynamic import() to code-split the application
- Use build.rollupOptions.output.manualChunks to improve chunking: 
https://rollupjs.org/configuration-options/#output-manualchunks
- Adjust chunk size limit for this warning via build.chunkSizeWarningLimit.[39m
[32mÔ£ô built in 1.67s[39m
