// Vitest Snapshot v1, https://vitest.dev/guide/snapshot.html

exports[`UserPreferencesService > createDefaultPreferences returns expected defaults 1`] = `
{
  "activeGameId": null,
  "autoSizeToFit": false,
  "backgroundBlur": 0,
  "backgroundBrightnessByView": {
    "carousel": 0.3,
    "coverflow": 0.3,
    "grid": 0.3,
    "list": 0.3,
    "logo": 0.3,
  },
  "backgroundColor": "#000000",
  "backgroundMode": "image",
  "carouselButtonColors": {
    "editColor": "#6b7280",
    "modManagerColor": "#a855f7",
    "playColor": "#0ea5e9",
  },
  "carouselButtonSize": 14,
  "carouselDescriptionSize": 18,
  "carouselLogoSize": 100,
  "categoriesAlignmentByView": {
    "grid": "left",
    "list": "left",
    "logo": "left",
  },
  "categoriesPositionByView": {
    "grid": "top",
    "list": "top",
    "logo": "top",
  },
  "categoriesSizeByView": {
    "grid": 12,
    "list": 12,
    "logo": 12,
  },
  "checkForUpdatesOnStartup": true,
  "closeToTray": true,
  "confirmGameLaunch": false,
  "coverFlowButtonColors": {
    "editColor": "#6b7280",
    "modManagerColor": "#a855f7",
    "playColor": "#0ea5e9",
  },
  "coverFlowButtonPosition": "middle",
  "coverFlowCoverSize": 300,
  "coverFlowReflection": 60,
  "coverFlowShowButtons": true,
  "coverFlowSideOpacity": 100,
  "coverFlowVerticalOffset": 0,
  "cursorHideTimeout": 3000,
  "defaultStartupPage": "library",
  "descriptionFontFamily": "system-ui",
  "descriptionFontSize": 14,
  "descriptionHeight": 400,
  "descriptionWidthByView": {
    "grid": 50,
    "list": 50,
    "logo": 50,
  },
  "detailsBarSize": 14,
  "detailsFontFamily": "system-ui",
  "detailsFontSize": 14,
  "detailsPanelOpacity": 80,
  "enableHardwareAcceleration": true,
  "enableSuspendFeature": false,
  "fanartHeight": 320,
  "fanartHeightByView": {
    "grid": 320,
    "list": 320,
    "logo": 320,
  },
  "gameTilePadding": 10,
  "gridButtonColors": {
    "editColor": "#6b7280",
    "modManagerColor": "#a855f7",
    "playColor": "#0ea5e9",
  },
  "gridButtonLocation": "right",
  "gridButtonSize": 13,
  "gridDescriptionSize": 14,
  "gridSize": 119,
  "hideAppsTitles": true,
  "hideGameTitles": true,
  "hideMouseCursorInFullscreen": true,
  "hideVRTitles": true,
  "ignoredGames": [],
  "isFirstLaunch": true,
  "linkDisplayMode": "icons",
  "linkDisplayOrder": [],
  "listButtonColors": {
    "editColor": "#6b7280",
    "modManagerColor": "#a855f7",
    "playColor": "#0ea5e9",
  },
  "listViewOptions": {
    "showCategories": false,
    "showDescription": true,
    "showGenres": true,
    "showLauncher": true,
    "showLogos": false,
    "showPlatform": false,
    "showPlaytime": true,
    "showReleaseDate": true,
    "titleTextSize": 18,
  },
  "listViewSize": 80,
  "logoBackgroundColor": "#374151",
  "logoBackgroundOpacity": 100,
  "logoButtonColors": {
    "editColor": "#6b7280",
    "modManagerColor": "#a855f7",
    "playColor": "#0ea5e9",
  },
  "logoHeight": 100,
  "logoPosition": "middle",
  "logoSize": 100,
  "logoViewSize": 100,
  "minimizeOnGameLaunch": false,
  "minimizeToTray": false,
  "panelWidth": 800,
  "panelWidthByView": {
    "carousel": 800,
    "coverflow": 800,
    "grid": 800,
    "list": 800,
    "logo": 800,
  },
  "perGameViewCustomByView": {
    "carousel": {},
    "coverflow": {},
    "grid": {},
    "list": {},
    "logo": {},
  },
  "perGameViewSizeOverrides": {},
  "perGameViewSizeOverridesMigrated": false,
  "pinnedCategories": [],
  "preferAnimatedBanner": true,
  "preferAnimatedBoxart": true,
  "restoreAfterLaunch": true,
  "rightPanelBoxartPosition": "right",
  "rightPanelBoxartSize": 200,
  "rightPanelButtonColors": {
    "editColor": "#6b7280",
    "modManagerColor": "#a855f7",
    "playColor": "#0ea5e9",
  },
  "rightPanelButtonLocation": "right",
  "rightPanelButtonSize": 13,
  "rightPanelLogoSize": 100,
  "rightPanelTextSize": 13,
  "sections": {
    "1080p": {
      "carouselView": {
        "// Carousel View Settings": "══════════════════════════════════════════════",
        "// Description": "Carousel View displays games in a horizontal scrolling carousel",
        "// Per-Game Custom Settings": "═══════════════════════════════════════════",
        "// Per-Game Description": "Custom Carousel View settings for specific games (logo sizes, etc.)",
        "gamesCustomSettings": {},
        "settings": {
          "// Background Brightness": "Brightness/darkness of background image (0.0-1.0)",
          "// Button Alignment": "Alignment for action buttons (left/center/right)",
          "// Button Colors": "Colors for play/edit/mod manager buttons",
          "// Button Size": "Size of action buttons",
          "// Carousel Logo Size": "Size of logos on carousel tiles (50-200)",
          "// Description Alignment": "Text alignment for description (left/center/right)",
          "// Description Text Size": "Font size for game description text",
          "// Details Bar Size": "Height of details bar when shown",
          "// Details Panel Boxart Position": "Position of boxart in panel (left/right)",
          "// Details Panel Boxart Size": "Size of boxart in details panel",
          "// Details Panel Button Colors": "Colors for details panel buttons",
          "// Details Panel Button Location": "Position of buttons (left/right)",
          "// Details Panel Button Size": "Size of buttons in details panel",
          "// Details Panel Logo Size": "Size of logo in details panel (50-200)",
          "// Details Panel Opacity": "Transparency of details panel overlay (0-100)",
          "// Details Panel Text Size": "Font size for details panel text",
          "// Logo Alignment": "Alignment for logos (left/center/right)",
          "// Show Details Bar": "Display game info/buttons below carousel",
          "// Show Logos": "Display game logos on carousel tiles",
          "// ── Carousel-Specific Settings ──": "",
          "// ── Details Panel ──": "",
          "backgroundBrightness": 0.3,
          "carouselButtonAlignment": undefined,
          "carouselButtonColors": {
            "editColor": "#6b7280",
            "modManagerColor": "#a855f7",
            "playColor": "#0ea5e9",
          },
          "carouselButtonSize": 14,
          "carouselDescriptionAlignment": undefined,
          "carouselDescriptionSize": 18,
          "carouselLogoAlignment": undefined,
          "carouselLogoSize": 100,
          "detailsBarSize": 14,
          "detailsPanelOpacity": 80,
          "rightPanelBoxartPosition": "right",
          "rightPanelBoxartSize": 200,
          "rightPanelButtonColors": {
            "editColor": "#6b7280",
            "modManagerColor": "#a855f7",
            "playColor": "#0ea5e9",
          },
          "rightPanelButtonLocation": "right",
          "rightPanelButtonSize": 13,
          "rightPanelLogoSize": 100,
          "rightPanelTextSize": 13,
          "showCarouselDetails": true,
          "showCarouselLogos": true,
        },
      },
      "coverflowView": {
        "// Coverflow View Settings": "════════════════════════════════════════════",
        "// Description": "Coverflow View displays games in a 3D flowing cover showcase",
        "// Per-Game Custom Settings": "═══════════════════════════════════════════",
        "// Per-Game Description": "Custom Coverflow View settings for specific games",
        "gamesCustomSettings": {},
        "settings": {
          "// Background Brightness": "Brightness/darkness of background image (0.0-1.0)",
          "// Button Colors": "Colors for play/edit/mod manager buttons",
          "// Button Position": "Position of action buttons (left/middle/right)",
          "// Cover Size": "Size of cover images in coverflow (50-300)",
          "// Show Buttons": "Display action buttons with coverflow",
          "// Show Reflection": "Display reflection effect below covers",
          "// Side Cover Opacity": "Opacity of non-selected side covers (0.0-1.0)",
          "// Vertical Offset": "Vertical position adjustment for covers",
          "// ── Coverflow-Specific Settings ──": "",
          "backgroundBrightness": 0.3,
          "coverFlowButtonColors": {
            "editColor": "#6b7280",
            "modManagerColor": "#a855f7",
            "playColor": "#0ea5e9",
          },
          "coverFlowButtonPosition": "middle",
          "coverFlowCoverSize": 300,
          "coverFlowReflection": 60,
          "coverFlowShowButtons": true,
          "coverFlowSideOpacity": 100,
          "coverFlowVerticalOffset": 0,
        },
      },
      "gridView": {
        "// Description": "Grid View displays games in a grid of boxart tiles",
        "// Grid View Settings": "═══════════════════════════════════════════════",
        "// Per-Game Custom Settings": "═══════════════════════════════════════════",
        "// Per-Game Description": "Custom Grid View settings for specific games (logo sizes, etc.)",
        "gamesCustomSettings": {},
        "settings": {
          "// Background Brightness": "Brightness/darkness of background image (0.0-1.0)",
          "// Boxart Size": "Size of game boxart tiles in the grid (50-200)",
          "// Button Colors": "Colors for play/edit/mod manager buttons",
          "// Button Location": "Position of buttons on tiles (left/right)",
          "// Button Size": "Size of action buttons on grid tiles",
          "// Categories Alignment": "Horizontal alignment of categories (left/center/right)",
          "// Categories Position": "Position of category badges (top/bottom)",
          "// Categories Size": "Font size for category text",
          "// Description Size": "Font size for description text in grid tiles",
          "// Description Width": "Percentage of panel width for description text (0-100)",
          "// Details Panel Boxart Position": "Position of boxart in panel (left/right)",
          "// Details Panel Boxart Size": "Size of boxart in details panel",
          "// Details Panel Button Colors": "Colors for details panel buttons",
          "// Details Panel Button Location": "Position of buttons (left/right)",
          "// Details Panel Button Size": "Size of buttons in details panel",
          "// Details Panel Logo Size": "Size of logo in details panel (50-200)",
          "// Details Panel Opacity": "Transparency of details panel overlay (0-100)",
          "// Details Panel Text Size": "Font size for details panel text",
          "// Details Panel Width": "Width of the right-side details panel",
          "// Fanart Height": "Height of the background fanart area",
          "// Show Categories": "Display category badges on game tiles",
          "// Show Logo Over Boxart": "Display game logo on top of boxart tile",
          "// Tile Padding": "Spacing between game tiles in pixels",
          "// ── Categories Display ──": "",
          "// ── Details Panel ──": "",
          "// ── Grid-Specific Settings ──": "",
          "backgroundBrightness": 0.3,
          "categoriesAlignment": "left",
          "categoriesPosition": "top",
          "categoriesSize": 12,
          "descriptionWidth": 50,
          "detailsPanelOpacity": 80,
          "fanartHeight": 320,
          "gameTilePadding": 10,
          "gridButtonColors": {
            "editColor": "#6b7280",
            "modManagerColor": "#a855f7",
            "playColor": "#0ea5e9",
          },
          "gridButtonLocation": "right",
          "gridButtonSize": 13,
          "gridDescriptionSize": 14,
          "gridSize": 119,
          "panelWidth": 800,
          "rightPanelBoxartPosition": "right",
          "rightPanelBoxartSize": 200,
          "rightPanelButtonColors": {
            "editColor": "#6b7280",
            "modManagerColor": "#a855f7",
            "playColor": "#0ea5e9",
          },
          "rightPanelButtonLocation": "right",
          "rightPanelButtonSize": 13,
          "rightPanelLogoSize": 100,
          "rightPanelTextSize": 13,
          "showCategories": false,
          "showLogoOverBoxart": false,
        },
      },
      "listView": {
        "// Description": "List View displays games as rows with boxart/logo + info",
        "// List View Settings": "════════════════════════════════════════════════",
        "// Per-Game Custom Settings": "═══════════════════════════════════════════",
        "// Per-Game Description": "Custom List View settings for specific games (logo sizes, etc.)",
        "gamesCustomSettings": {},
        "settings": {
          "// Background Brightness": "Brightness/darkness of background image (0.0-1.0)",
          "// Button Colors": "Colors for play/edit/mod manager buttons",
          "// Categories Alignment": "Horizontal alignment of categories (left/center/right)",
          "// Categories Position": "Position of category badges (top/bottom)",
          "// Categories Size": "Font size for category text",
          "// Description Width": "Percentage of panel width for description text (0-100)",
          "// Details Panel Boxart Position": "Position of boxart in panel (left/right)",
          "// Details Panel Boxart Size": "Size of boxart in details panel",
          "// Details Panel Button Colors": "Colors for details panel buttons",
          "// Details Panel Button Location": "Position of buttons (left/right)",
          "// Details Panel Button Size": "Size of buttons in details panel",
          "// Details Panel Logo Size": "Size of logo in details panel (50-200)",
          "// Details Panel Opacity": "Transparency of details panel overlay (0-100)",
          "// Details Panel Text Size": "Font size for details panel text",
          "// Details Panel Width": "Width of the right-side details panel",
          "// Fanart Height": "Height of the background fanart area",
          "// List Display Options": "Control which info columns are shown in List View",
          "// List Row Size": "Height of each game row in List View",
          "// Show Categories": "Display category badges in list rows",
          "// ── Categories Display ──": "",
          "// ── Details Panel ──": "",
          "// ── List-Specific Settings ──": "",
          "backgroundBrightness": 0.3,
          "categoriesAlignment": "left",
          "categoriesPosition": "top",
          "categoriesSize": 12,
          "descriptionWidth": 50,
          "detailsPanelOpacity": 80,
          "fanartHeight": 320,
          "listButtonColors": {
            "editColor": "#6b7280",
            "modManagerColor": "#a855f7",
            "playColor": "#0ea5e9",
          },
          "listViewOptions": {
            "showCategories": false,
            "showDescription": true,
            "showGenres": true,
            "showLauncher": true,
            "showLogos": false,
            "showPlatform": false,
            "showPlaytime": true,
            "showReleaseDate": true,
            "titleTextSize": 18,
          },
          "listViewSize": 80,
          "panelWidth": 800,
          "rightPanelBoxartPosition": "right",
          "rightPanelBoxartSize": 200,
          "rightPanelButtonColors": {
            "editColor": "#6b7280",
            "modManagerColor": "#a855f7",
            "playColor": "#0ea5e9",
          },
          "rightPanelButtonLocation": "right",
          "rightPanelButtonSize": 13,
          "rightPanelLogoSize": 100,
          "rightPanelTextSize": 13,
          "showCategories": false,
        },
      },
      "logoView": {
        "// Description": "Logo View displays games as large logos on backgrounds",
        "// Logo View Settings": "════════════════════════════════════════════════",
        "// Per-Game Custom Settings": "═══════════════════════════════════════════",
        "// Per-Game Description": "Custom Logo View settings for specific games (logo sizes, etc.)",
        "gamesCustomSettings": {},
        "settings": {
          "// Auto Size To Fit": "Automatically adjust logo size to fit screen",
          "// Background Brightness": "Brightness/darkness of background image (0.0-1.0)",
          "// Button Colors": "Colors for play/edit/mod manager buttons",
          "// Categories Alignment": "Horizontal alignment of categories (left/center/right)",
          "// Categories Position": "Position of category badges (top/bottom)",
          "// Categories Size": "Font size for category text",
          "// Description Width": "Percentage of panel width for description text (0-100)",
          "// Details Panel Boxart Position": "Position of boxart in panel (left/right)",
          "// Details Panel Boxart Size": "Size of boxart in details panel",
          "// Details Panel Button Colors": "Colors for details panel buttons",
          "// Details Panel Button Location": "Position of buttons (left/right)",
          "// Details Panel Button Size": "Size of buttons in details panel",
          "// Details Panel Logo Size": "Size of logo in details panel (50-200)",
          "// Details Panel Opacity": "Transparency of details panel overlay (0-100)",
          "// Details Panel Text Size": "Font size for details panel text",
          "// Details Panel Width": "Width of the right-side details panel",
          "// Fanart Height": "Height of the background fanart area",
          "// Logo Background Opacity": "Opacity of overlay behind logo (0.0-1.0)",
          "// Logo Height": "Maximum height for logos",
          "// Logo Position": "Vertical position of logo on background",
          "// Logo Size": "Size of game logos in Logo View (50-200)",
          "// Show Categories": "Display category badges in logo view",
          "// ── Categories Display ──": "",
          "// ── Details Panel ──": "",
          "// ── Logo-Specific Settings ──": "",
          "autoSizeToFit": false,
          "backgroundBrightness": 0.3,
          "categoriesAlignment": "left",
          "categoriesPosition": "top",
          "categoriesSize": 12,
          "descriptionWidth": 50,
          "detailsPanelOpacity": 80,
          "fanartHeight": 320,
          "logoBackgroundOpacity": 100,
          "logoButtonColors": {
            "editColor": "#6b7280",
            "modManagerColor": "#a855f7",
            "playColor": "#0ea5e9",
          },
          "logoHeight": 100,
          "logoPosition": "middle",
          "logoSize": 100,
          "panelWidth": 800,
          "rightPanelBoxartPosition": "right",
          "rightPanelBoxartSize": 200,
          "rightPanelButtonColors": {
            "editColor": "#6b7280",
            "modManagerColor": "#a855f7",
            "playColor": "#0ea5e9",
          },
          "rightPanelButtonLocation": "right",
          "rightPanelButtonSize": 13,
          "rightPanelLogoSize": 100,
          "rightPanelTextSize": 13,
          "showCategories": false,
        },
      },
    },
    "1440p": {
      "carouselView": {
        "// Carousel View Settings": "══════════════════════════════════════════════",
        "// Description": "Carousel View displays games in a horizontal scrolling carousel",
        "// Per-Game Custom Settings": "═══════════════════════════════════════════",
        "// Per-Game Description": "Custom Carousel View settings for specific games (logo sizes, etc.)",
        "gamesCustomSettings": {},
        "settings": {
          "// Background Brightness": "Brightness/darkness of background image (0.0-1.0)",
          "// Button Alignment": "Alignment for action buttons (left/center/right)",
          "// Button Colors": "Colors for play/edit/mod manager buttons",
          "// Button Size": "Size of action buttons",
          "// Carousel Logo Size": "Size of logos on carousel tiles (50-200)",
          "// Description Alignment": "Text alignment for description (left/center/right)",
          "// Description Text Size": "Font size for game description text",
          "// Details Bar Size": "Height of details bar when shown",
          "// Details Panel Boxart Position": "Position of boxart in panel (left/right)",
          "// Details Panel Boxart Size": "Size of boxart in details panel",
          "// Details Panel Button Colors": "Colors for details panel buttons",
          "// Details Panel Button Location": "Position of buttons (left/right)",
          "// Details Panel Button Size": "Size of buttons in details panel",
          "// Details Panel Logo Size": "Size of logo in details panel (50-200)",
          "// Details Panel Opacity": "Transparency of details panel overlay (0-100)",
          "// Details Panel Text Size": "Font size for details panel text",
          "// Logo Alignment": "Alignment for logos (left/center/right)",
          "// Show Details Bar": "Display game info/buttons below carousel",
          "// Show Logos": "Display game logos on carousel tiles",
          "// ── Carousel-Specific Settings ──": "",
          "// ── Details Panel ──": "",
          "backgroundBrightness": 0.3,
          "carouselButtonAlignment": undefined,
          "carouselButtonColors": {
            "editColor": "#6b7280",
            "modManagerColor": "#a855f7",
            "playColor": "#0ea5e9",
          },
          "carouselButtonSize": 14,
          "carouselDescriptionAlignment": undefined,
          "carouselDescriptionSize": 18,
          "carouselLogoAlignment": undefined,
          "carouselLogoSize": 100,
          "detailsBarSize": 14,
          "detailsPanelOpacity": 80,
          "rightPanelBoxartPosition": "right",
          "rightPanelBoxartSize": 200,
          "rightPanelButtonColors": {
            "editColor": "#6b7280",
            "modManagerColor": "#a855f7",
            "playColor": "#0ea5e9",
          },
          "rightPanelButtonLocation": "right",
          "rightPanelButtonSize": 13,
          "rightPanelLogoSize": 100,
          "rightPanelTextSize": 13,
          "showCarouselDetails": true,
          "showCarouselLogos": true,
        },
      },
      "coverflowView": {
        "// Coverflow View Settings": "════════════════════════════════════════════",
        "// Description": "Coverflow View displays games in a 3D flowing cover showcase",
        "// Per-Game Custom Settings": "═══════════════════════════════════════════",
        "// Per-Game Description": "Custom Coverflow View settings for specific games",
        "gamesCustomSettings": {},
        "settings": {
          "// Background Brightness": "Brightness/darkness of background image (0.0-1.0)",
          "// Button Colors": "Colors for play/edit/mod manager buttons",
          "// Button Position": "Position of action buttons (left/middle/right)",
          "// Cover Size": "Size of cover images in coverflow (50-300)",
          "// Show Buttons": "Display action buttons with coverflow",
          "// Show Reflection": "Display reflection effect below covers",
          "// Side Cover Opacity": "Opacity of non-selected side covers (0.0-1.0)",
          "// Vertical Offset": "Vertical position adjustment for covers",
          "// ── Coverflow-Specific Settings ──": "",
          "backgroundBrightness": 0.3,
          "coverFlowButtonColors": {
            "editColor": "#6b7280",
            "modManagerColor": "#a855f7",
            "playColor": "#0ea5e9",
          },
          "coverFlowButtonPosition": "middle",
          "coverFlowCoverSize": 300,
          "coverFlowReflection": 60,
          "coverFlowShowButtons": true,
          "coverFlowSideOpacity": 100,
          "coverFlowVerticalOffset": 0,
        },
      },
      "gridView": {
        "// Description": "Grid View displays games in a grid of boxart tiles",
        "// Grid View Settings": "═══════════════════════════════════════════════",
        "// Per-Game Custom Settings": "═══════════════════════════════════════════",
        "// Per-Game Description": "Custom Grid View settings for specific games (logo sizes, etc.)",
        "gamesCustomSettings": {},
        "settings": {
          "// Background Brightness": "Brightness/darkness of background image (0.0-1.0)",
          "// Boxart Size": "Size of game boxart tiles in the grid (50-200)",
          "// Button Colors": "Colors for play/edit/mod manager buttons",
          "// Button Location": "Position of buttons on tiles (left/right)",
          "// Button Size": "Size of action buttons on grid tiles",
          "// Categories Alignment": "Horizontal alignment of categories (left/center/right)",
          "// Categories Position": "Position of category badges (top/bottom)",
          "// Categories Size": "Font size for category text",
          "// Description Size": "Font size for description text in grid tiles",
          "// Description Width": "Percentage of panel width for description text (0-100)",
          "// Details Panel Boxart Position": "Position of boxart in panel (left/right)",
          "// Details Panel Boxart Size": "Size of boxart in details panel",
          "// Details Panel Button Colors": "Colors for details panel buttons",
          "// Details Panel Button Location": "Position of buttons (left/right)",
          "// Details Panel Button Size": "Size of buttons in details panel",
          "// Details Panel Logo Size": "Size of logo in details panel (50-200)",
          "// Details Panel Opacity": "Transparency of details panel overlay (0-100)",
          "// Details Panel Text Size": "Font size for details panel text",
          "// Details Panel Width": "Width of the right-side details panel",
          "// Fanart Height": "Height of the background fanart area",
          "// Show Categories": "Display category badges on game tiles",
          "// Show Logo Over Boxart": "Display game logo on top of boxart tile",
          "// Tile Padding": "Spacing between game tiles in pixels",
          "// ── Categories Display ──": "",
          "// ── Details Panel ──": "",
          "// ── Grid-Specific Settings ──": "",
          "backgroundBrightness": 0.3,
          "categoriesAlignment": "left",
          "categoriesPosition": "top",
          "categoriesSize": 12,
          "descriptionWidth": 50,
          "detailsPanelOpacity": 80,
          "fanartHeight": 320,
          "gameTilePadding": 10,
          "gridButtonColors": {
            "editColor": "#6b7280",
            "modManagerColor": "#a855f7",
            "playColor": "#0ea5e9",
          },
          "gridButtonLocation": "right",
          "gridButtonSize": 13,
          "gridDescriptionSize": 14,
          "gridSize": 119,
          "panelWidth": 800,
          "rightPanelBoxartPosition": "right",
          "rightPanelBoxartSize": 200,
          "rightPanelButtonColors": {
            "editColor": "#6b7280",
            "modManagerColor": "#a855f7",
            "playColor": "#0ea5e9",
          },
          "rightPanelButtonLocation": "right",
          "rightPanelButtonSize": 13,
          "rightPanelLogoSize": 100,
          "rightPanelTextSize": 13,
          "showCategories": false,
          "showLogoOverBoxart": false,
        },
      },
      "listView": {
        "// Description": "List View displays games as rows with boxart/logo + info",
        "// List View Settings": "════════════════════════════════════════════════",
        "// Per-Game Custom Settings": "═══════════════════════════════════════════",
        "// Per-Game Description": "Custom List View settings for specific games (logo sizes, etc.)",
        "gamesCustomSettings": {},
        "settings": {
          "// Background Brightness": "Brightness/darkness of background image (0.0-1.0)",
          "// Button Colors": "Colors for play/edit/mod manager buttons",
          "// Categories Alignment": "Horizontal alignment of categories (left/center/right)",
          "// Categories Position": "Position of category badges (top/bottom)",
          "// Categories Size": "Font size for category text",
          "// Description Width": "Percentage of panel width for description text (0-100)",
          "// Details Panel Boxart Position": "Position of boxart in panel (left/right)",
          "// Details Panel Boxart Size": "Size of boxart in details panel",
          "// Details Panel Button Colors": "Colors for details panel buttons",
          "// Details Panel Button Location": "Position of buttons (left/right)",
          "// Details Panel Button Size": "Size of buttons in details panel",
          "// Details Panel Logo Size": "Size of logo in details panel (50-200)",
          "// Details Panel Opacity": "Transparency of details panel overlay (0-100)",
          "// Details Panel Text Size": "Font size for details panel text",
          "// Details Panel Width": "Width of the right-side details panel",
          "// Fanart Height": "Height of the background fanart area",
          "// List Display Options": "Control which info columns are shown in List View",
          "// List Row Size": "Height of each game row in List View",
          "// Show Categories": "Display category badges in list rows",
          "// ── Categories Display ──": "",
          "// ── Details Panel ──": "",
          "// ── List-Specific Settings ──": "",
          "backgroundBrightness": 0.3,
          "categoriesAlignment": "left",
          "categoriesPosition": "top",
          "categoriesSize": 12,
          "descriptionWidth": 50,
          "detailsPanelOpacity": 80,
          "fanartHeight": 320,
          "listButtonColors": {
            "editColor": "#6b7280",
            "modManagerColor": "#a855f7",
            "playColor": "#0ea5e9",
          },
          "listViewOptions": {
            "showCategories": false,
            "showDescription": true,
            "showGenres": true,
            "showLauncher": true,
            "showLogos": false,
            "showPlatform": false,
            "showPlaytime": true,
            "showReleaseDate": true,
            "titleTextSize": 18,
          },
          "listViewSize": 80,
          "panelWidth": 800,
          "rightPanelBoxartPosition": "right",
          "rightPanelBoxartSize": 200,
          "rightPanelButtonColors": {
            "editColor": "#6b7280",
            "modManagerColor": "#a855f7",
            "playColor": "#0ea5e9",
          },
          "rightPanelButtonLocation": "right",
          "rightPanelButtonSize": 13,
          "rightPanelLogoSize": 100,
          "rightPanelTextSize": 13,
          "showCategories": false,
        },
      },
      "logoView": {
        "// Description": "Logo View displays games as large logos on backgrounds",
        "// Logo View Settings": "════════════════════════════════════════════════",
        "// Per-Game Custom Settings": "═══════════════════════════════════════════",
        "// Per-Game Description": "Custom Logo View settings for specific games (logo sizes, etc.)",
        "gamesCustomSettings": {},
        "settings": {
          "// Auto Size To Fit": "Automatically adjust logo size to fit screen",
          "// Background Brightness": "Brightness/darkness of background image (0.0-1.0)",
          "// Button Colors": "Colors for play/edit/mod manager buttons",
          "// Categories Alignment": "Horizontal alignment of categories (left/center/right)",
          "// Categories Position": "Position of category badges (top/bottom)",
          "// Categories Size": "Font size for category text",
          "// Description Width": "Percentage of panel width for description text (0-100)",
          "// Details Panel Boxart Position": "Position of boxart in panel (left/right)",
          "// Details Panel Boxart Size": "Size of boxart in details panel",
          "// Details Panel Button Colors": "Colors for details panel buttons",
          "// Details Panel Button Location": "Position of buttons (left/right)",
          "// Details Panel Button Size": "Size of buttons in details panel",
          "// Details Panel Logo Size": "Size of logo in details panel (50-200)",
          "// Details Panel Opacity": "Transparency of details panel overlay (0-100)",
          "// Details Panel Text Size": "Font size for details panel text",
          "// Details Panel Width": "Width of the right-side details panel",
          "// Fanart Height": "Height of the background fanart area",
          "// Logo Background Opacity": "Opacity of overlay behind logo (0.0-1.0)",
          "// Logo Height": "Maximum height for logos",
          "// Logo Position": "Vertical position of logo on background",
          "// Logo Size": "Size of game logos in Logo View (50-200)",
          "// Show Categories": "Display category badges in logo view",
          "// ── Categories Display ──": "",
          "// ── Details Panel ──": "",
          "// ── Logo-Specific Settings ──": "",
          "autoSizeToFit": false,
          "backgroundBrightness": 0.3,
          "categoriesAlignment": "left",
          "categoriesPosition": "top",
          "categoriesSize": 12,
          "descriptionWidth": 50,
          "detailsPanelOpacity": 80,
          "fanartHeight": 320,
          "logoBackgroundOpacity": 100,
          "logoButtonColors": {
            "editColor": "#6b7280",
            "modManagerColor": "#a855f7",
            "playColor": "#0ea5e9",
          },
          "logoHeight": 100,
          "logoPosition": "middle",
          "logoSize": 100,
          "panelWidth": 800,
          "rightPanelBoxartPosition": "right",
          "rightPanelBoxartSize": 200,
          "rightPanelButtonColors": {
            "editColor": "#6b7280",
            "modManagerColor": "#a855f7",
            "playColor": "#0ea5e9",
          },
          "rightPanelButtonLocation": "right",
          "rightPanelButtonSize": 13,
          "rightPanelLogoSize": 100,
          "rightPanelTextSize": 13,
          "showCategories": false,
        },
      },
    },
    "4K": {
      "carouselView": {
        "// Carousel View Settings": "══════════════════════════════════════════════",
        "// Description": "Carousel View displays games in a horizontal scrolling carousel",
        "// Per-Game Custom Settings": "═══════════════════════════════════════════",
        "// Per-Game Description": "Custom Carousel View settings for specific games (logo sizes, etc.)",
        "gamesCustomSettings": {},
        "settings": {
          "// Background Brightness": "Brightness/darkness of background image (0.0-1.0)",
          "// Button Alignment": "Alignment for action buttons (left/center/right)",
          "// Button Colors": "Colors for play/edit/mod manager buttons",
          "// Button Size": "Size of action buttons",
          "// Carousel Logo Size": "Size of logos on carousel tiles (50-200)",
          "// Description Alignment": "Text alignment for description (left/center/right)",
          "// Description Text Size": "Font size for game description text",
          "// Details Bar Size": "Height of details bar when shown",
          "// Details Panel Boxart Position": "Position of boxart in panel (left/right)",
          "// Details Panel Boxart Size": "Size of boxart in details panel",
          "// Details Panel Button Colors": "Colors for details panel buttons",
          "// Details Panel Button Location": "Position of buttons (left/right)",
          "// Details Panel Button Size": "Size of buttons in details panel",
          "// Details Panel Logo Size": "Size of logo in details panel (50-200)",
          "// Details Panel Opacity": "Transparency of details panel overlay (0-100)",
          "// Details Panel Text Size": "Font size for details panel text",
          "// Logo Alignment": "Alignment for logos (left/center/right)",
          "// Show Details Bar": "Display game info/buttons below carousel",
          "// Show Logos": "Display game logos on carousel tiles",
          "// ── Carousel-Specific Settings ──": "",
          "// ── Details Panel ──": "",
          "backgroundBrightness": 0.3,
          "carouselButtonAlignment": undefined,
          "carouselButtonColors": {
            "editColor": "#6b7280",
            "modManagerColor": "#a855f7",
            "playColor": "#0ea5e9",
          },
          "carouselButtonSize": 14,
          "carouselDescriptionAlignment": undefined,
          "carouselDescriptionSize": 18,
          "carouselLogoAlignment": undefined,
          "carouselLogoSize": 100,
          "detailsBarSize": 14,
          "detailsPanelOpacity": 80,
          "rightPanelBoxartPosition": "right",
          "rightPanelBoxartSize": 200,
          "rightPanelButtonColors": {
            "editColor": "#6b7280",
            "modManagerColor": "#a855f7",
            "playColor": "#0ea5e9",
          },
          "rightPanelButtonLocation": "right",
          "rightPanelButtonSize": 13,
          "rightPanelLogoSize": 100,
          "rightPanelTextSize": 13,
          "showCarouselDetails": true,
          "showCarouselLogos": true,
        },
      },
      "coverflowView": {
        "// Coverflow View Settings": "════════════════════════════════════════════",
        "// Description": "Coverflow View displays games in a 3D flowing cover showcase",
        "// Per-Game Custom Settings": "═══════════════════════════════════════════",
        "// Per-Game Description": "Custom Coverflow View settings for specific games",
        "gamesCustomSettings": {},
        "settings": {
          "// Background Brightness": "Brightness/darkness of background image (0.0-1.0)",
          "// Button Colors": "Colors for play/edit/mod manager buttons",
          "// Button Position": "Position of action buttons (left/middle/right)",
          "// Cover Size": "Size of cover images in coverflow (50-300)",
          "// Show Buttons": "Display action buttons with coverflow",
          "// Show Reflection": "Display reflection effect below covers",
          "// Side Cover Opacity": "Opacity of non-selected side covers (0.0-1.0)",
          "// Vertical Offset": "Vertical position adjustment for covers",
          "// ── Coverflow-Specific Settings ──": "",
          "backgroundBrightness": 0.3,
          "coverFlowButtonColors": {
            "editColor": "#6b7280",
            "modManagerColor": "#a855f7",
            "playColor": "#0ea5e9",
          },
          "coverFlowButtonPosition": "middle",
          "coverFlowCoverSize": 300,
          "coverFlowReflection": 60,
          "coverFlowShowButtons": true,
          "coverFlowSideOpacity": 100,
          "coverFlowVerticalOffset": 0,
        },
      },
      "gridView": {
        "// Description": "Grid View displays games in a grid of boxart tiles",
        "// Grid View Settings": "═══════════════════════════════════════════════",
        "// Per-Game Custom Settings": "═══════════════════════════════════════════",
        "// Per-Game Description": "Custom Grid View settings for specific games (logo sizes, etc.)",
        "gamesCustomSettings": {},
        "settings": {
          "// Background Brightness": "Brightness/darkness of background image (0.0-1.0)",
          "// Boxart Size": "Size of game boxart tiles in the grid (50-200)",
          "// Button Colors": "Colors for play/edit/mod manager buttons",
          "// Button Location": "Position of buttons on tiles (left/right)",
          "// Button Size": "Size of action buttons on grid tiles",
          "// Categories Alignment": "Horizontal alignment of categories (left/center/right)",
          "// Categories Position": "Position of category badges (top/bottom)",
          "// Categories Size": "Font size for category text",
          "// Description Size": "Font size for description text in grid tiles",
          "// Description Width": "Percentage of panel width for description text (0-100)",
          "// Details Panel Boxart Position": "Position of boxart in panel (left/right)",
          "// Details Panel Boxart Size": "Size of boxart in details panel",
          "// Details Panel Button Colors": "Colors for details panel buttons",
          "// Details Panel Button Location": "Position of buttons (left/right)",
          "// Details Panel Button Size": "Size of buttons in details panel",
          "// Details Panel Logo Size": "Size of logo in details panel (50-200)",
          "// Details Panel Opacity": "Transparency of details panel overlay (0-100)",
          "// Details Panel Text Size": "Font size for details panel text",
          "// Details Panel Width": "Width of the right-side details panel",
          "// Fanart Height": "Height of the background fanart area",
          "// Show Categories": "Display category badges on game tiles",
          "// Show Logo Over Boxart": "Display game logo on top of boxart tile",
          "// Tile Padding": "Spacing between game tiles in pixels",
          "// ── Categories Display ──": "",
          "// ── Details Panel ──": "",
          "// ── Grid-Specific Settings ──": "",
          "backgroundBrightness": 0.3,
          "categoriesAlignment": "left",
          "categoriesPosition": "top",
          "categoriesSize": 12,
          "descriptionWidth": 50,
          "detailsPanelOpacity": 80,
          "fanartHeight": 320,
          "gameTilePadding": 10,
          "gridButtonColors": {
            "editColor": "#6b7280",
            "modManagerColor": "#a855f7",
            "playColor": "#0ea5e9",
          },
          "gridButtonLocation": "right",
          "gridButtonSize": 13,
          "gridDescriptionSize": 14,
          "gridSize": 119,
          "panelWidth": 800,
          "rightPanelBoxartPosition": "right",
          "rightPanelBoxartSize": 200,
          "rightPanelButtonColors": {
            "editColor": "#6b7280",
            "modManagerColor": "#a855f7",
            "playColor": "#0ea5e9",
          },
          "rightPanelButtonLocation": "right",
          "rightPanelButtonSize": 13,
          "rightPanelLogoSize": 100,
          "rightPanelTextSize": 13,
          "showCategories": false,
          "showLogoOverBoxart": false,
        },
      },
      "listView": {
        "// Description": "List View displays games as rows with boxart/logo + info",
        "// List View Settings": "════════════════════════════════════════════════",
        "// Per-Game Custom Settings": "═══════════════════════════════════════════",
        "// Per-Game Description": "Custom List View settings for specific games (logo sizes, etc.)",
        "gamesCustomSettings": {},
        "settings": {
          "// Background Brightness": "Brightness/darkness of background image (0.0-1.0)",
          "// Button Colors": "Colors for play/edit/mod manager buttons",
          "// Categories Alignment": "Horizontal alignment of categories (left/center/right)",
          "// Categories Position": "Position of category badges (top/bottom)",
          "// Categories Size": "Font size for category text",
          "// Description Width": "Percentage of panel width for description text (0-100)",
          "// Details Panel Boxart Position": "Position of boxart in panel (left/right)",
          "// Details Panel Boxart Size": "Size of boxart in details panel",
          "// Details Panel Button Colors": "Colors for details panel buttons",
          "// Details Panel Button Location": "Position of buttons (left/right)",
          "// Details Panel Button Size": "Size of buttons in details panel",
          "// Details Panel Logo Size": "Size of logo in details panel (50-200)",
          "// Details Panel Opacity": "Transparency of details panel overlay (0-100)",
          "// Details Panel Text Size": "Font size for details panel text",
          "// Details Panel Width": "Width of the right-side details panel",
          "// Fanart Height": "Height of the background fanart area",
          "// List Display Options": "Control which info columns are shown in List View",
          "// List Row Size": "Height of each game row in List View",
          "// Show Categories": "Display category badges in list rows",
          "// ── Categories Display ──": "",
          "// ── Details Panel ──": "",
          "// ── List-Specific Settings ──": "",
          "backgroundBrightness": 0.3,
          "categoriesAlignment": "left",
          "categoriesPosition": "top",
          "categoriesSize": 12,
          "descriptionWidth": 50,
          "detailsPanelOpacity": 80,
          "fanartHeight": 320,
          "listButtonColors": {
            "editColor": "#6b7280",
            "modManagerColor": "#a855f7",
            "playColor": "#0ea5e9",
          },
          "listViewOptions": {
            "showCategories": false,
            "showDescription": true,
            "showGenres": true,
            "showLauncher": true,
            "showLogos": false,
            "showPlatform": false,
            "showPlaytime": true,
            "showReleaseDate": true,
            "titleTextSize": 18,
          },
          "listViewSize": 80,
          "panelWidth": 800,
          "rightPanelBoxartPosition": "right",
          "rightPanelBoxartSize": 200,
          "rightPanelButtonColors": {
            "editColor": "#6b7280",
            "modManagerColor": "#a855f7",
            "playColor": "#0ea5e9",
          },
          "rightPanelButtonLocation": "right",
          "rightPanelButtonSize": 13,
          "rightPanelLogoSize": 100,
          "rightPanelTextSize": 13,
          "showCategories": false,
        },
      },
      "logoView": {
        "// Description": "Logo View displays games as large logos on backgrounds",
        "// Logo View Settings": "════════════════════════════════════════════════",
        "// Per-Game Custom Settings": "═══════════════════════════════════════════",
        "// Per-Game Description": "Custom Logo View settings for specific games (logo sizes, etc.)",
        "gamesCustomSettings": {},
        "settings": {
          "// Auto Size To Fit": "Automatically adjust logo size to fit screen",
          "// Background Brightness": "Brightness/darkness of background image (0.0-1.0)",
          "// Button Colors": "Colors for play/edit/mod manager buttons",
          "// Categories Alignment": "Horizontal alignment of categories (left/center/right)",
          "// Categories Position": "Position of category badges (top/bottom)",
          "// Categories Size": "Font size for category text",
          "// Description Width": "Percentage of panel width for description text (0-100)",
          "// Details Panel Boxart Position": "Position of boxart in panel (left/right)",
          "// Details Panel Boxart Size": "Size of boxart in details panel",
          "// Details Panel Button Colors": "Colors for details panel buttons",
          "// Details Panel Button Location": "Position of buttons (left/right)",
          "// Details Panel Button Size": "Size of buttons in details panel",
          "// Details Panel Logo Size": "Size of logo in details panel (50-200)",
          "// Details Panel Opacity": "Transparency of details panel overlay (0-100)",
          "// Details Panel Text Size": "Font size for details panel text",
          "// Details Panel Width": "Width of the right-side details panel",
          "// Fanart Height": "Height of the background fanart area",
          "// Logo Background Opacity": "Opacity of overlay behind logo (0.0-1.0)",
          "// Logo Height": "Maximum height for logos",
          "// Logo Position": "Vertical position of logo on background",
          "// Logo Size": "Size of game logos in Logo View (50-200)",
          "// Show Categories": "Display category badges in logo view",
          "// ── Categories Display ──": "",
          "// ── Details Panel ──": "",
          "// ── Logo-Specific Settings ──": "",
          "autoSizeToFit": false,
          "backgroundBrightness": 0.3,
          "categoriesAlignment": "left",
          "categoriesPosition": "top",
          "categoriesSize": 12,
          "descriptionWidth": 50,
          "detailsPanelOpacity": 80,
          "fanartHeight": 320,
          "logoBackgroundOpacity": 100,
          "logoButtonColors": {
            "editColor": "#6b7280",
            "modManagerColor": "#a855f7",
            "playColor": "#0ea5e9",
          },
          "logoHeight": 100,
          "logoPosition": "middle",
          "logoSize": 100,
          "panelWidth": 800,
          "rightPanelBoxartPosition": "right",
          "rightPanelBoxartSize": 200,
          "rightPanelButtonColors": {
            "editColor": "#6b7280",
            "modManagerColor": "#a855f7",
            "playColor": "#0ea5e9",
          },
          "rightPanelButtonLocation": "right",
          "rightPanelButtonSize": 13,
          "rightPanelLogoSize": 100,
          "rightPanelTextSize": 13,
          "showCategories": false,
        },
      },
    },
    "720p": {
      "carouselView": {
        "// Carousel View Settings": "══════════════════════════════════════════════",
        "// Description": "Carousel View displays games in a horizontal scrolling carousel",
        "// Per-Game Custom Settings": "═══════════════════════════════════════════",
        "// Per-Game Description": "Custom Carousel View settings for specific games (logo sizes, etc.)",
        "gamesCustomSettings": {},
        "settings": {
          "// Background Brightness": "Brightness/darkness of background image (0.0-1.0)",
          "// Button Alignment": "Alignment for action buttons (left/center/right)",
          "// Button Colors": "Colors for play/edit/mod manager buttons",
          "// Button Size": "Size of action buttons",
          "// Carousel Logo Size": "Size of logos on carousel tiles (50-200)",
          "// Description Alignment": "Text alignment for description (left/center/right)",
          "// Description Text Size": "Font size for game description text",
          "// Details Bar Size": "Height of details bar when shown",
          "// Details Panel Boxart Position": "Position of boxart in panel (left/right)",
          "// Details Panel Boxart Size": "Size of boxart in details panel",
          "// Details Panel Button Colors": "Colors for details panel buttons",
          "// Details Panel Button Location": "Position of buttons (left/right)",
          "// Details Panel Button Size": "Size of buttons in details panel",
          "// Details Panel Logo Size": "Size of logo in details panel (50-200)",
          "// Details Panel Opacity": "Transparency of details panel overlay (0-100)",
          "// Details Panel Text Size": "Font size for details panel text",
          "// Logo Alignment": "Alignment for logos (left/center/right)",
          "// Show Details Bar": "Display game info/buttons below carousel",
          "// Show Logos": "Display game logos on carousel tiles",
          "// ── Carousel-Specific Settings ──": "",
          "// ── Details Panel ──": "",
          "backgroundBrightness": 0.3,
          "carouselButtonAlignment": undefined,
          "carouselButtonColors": {
            "editColor": "#6b7280",
            "modManagerColor": "#a855f7",
            "playColor": "#0ea5e9",
          },
          "carouselButtonSize": 14,
          "carouselDescriptionAlignment": undefined,
          "carouselDescriptionSize": 18,
          "carouselLogoAlignment": undefined,
          "carouselLogoSize": 100,
          "detailsBarSize": 14,
          "detailsPanelOpacity": 80,
          "rightPanelBoxartPosition": "right",
          "rightPanelBoxartSize": 200,
          "rightPanelButtonColors": {
            "editColor": "#6b7280",
            "modManagerColor": "#a855f7",
            "playColor": "#0ea5e9",
          },
          "rightPanelButtonLocation": "right",
          "rightPanelButtonSize": 13,
          "rightPanelLogoSize": 100,
          "rightPanelTextSize": 13,
          "showCarouselDetails": true,
          "showCarouselLogos": true,
        },
      },
      "coverflowView": {
        "// Coverflow View Settings": "════════════════════════════════════════════",
        "// Description": "Coverflow View displays games in a 3D flowing cover showcase",
        "// Per-Game Custom Settings": "═══════════════════════════════════════════",
        "// Per-Game Description": "Custom Coverflow View settings for specific games",
        "gamesCustomSettings": {},
        "settings": {
          "// Background Brightness": "Brightness/darkness of background image (0.0-1.0)",
          "// Button Colors": "Colors for play/edit/mod manager buttons",
          "// Button Position": "Position of action buttons (left/middle/right)",
          "// Cover Size": "Size of cover images in coverflow (50-300)",
          "// Show Buttons": "Display action buttons with coverflow",
          "// Show Reflection": "Display reflection effect below covers",
          "// Side Cover Opacity": "Opacity of non-selected side covers (0.0-1.0)",
          "// Vertical Offset": "Vertical position adjustment for covers",
          "// ── Coverflow-Specific Settings ──": "",
          "backgroundBrightness": 0.3,
          "coverFlowButtonColors": {
            "editColor": "#6b7280",
            "modManagerColor": "#a855f7",
            "playColor": "#0ea5e9",
          },
          "coverFlowButtonPosition": "middle",
          "coverFlowCoverSize": 300,
          "coverFlowReflection": 60,
          "coverFlowShowButtons": true,
          "coverFlowSideOpacity": 100,
          "coverFlowVerticalOffset": 0,
        },
      },
      "gridView": {
        "// Description": "Grid View displays games in a grid of boxart tiles",
        "// Grid View Settings": "═══════════════════════════════════════════════",
        "// Per-Game Custom Settings": "═══════════════════════════════════════════",
        "// Per-Game Description": "Custom Grid View settings for specific games (logo sizes, etc.)",
        "gamesCustomSettings": {},
        "settings": {
          "// Background Brightness": "Brightness/darkness of background image (0.0-1.0)",
          "// Boxart Size": "Size of game boxart tiles in the grid (50-200)",
          "// Button Colors": "Colors for play/edit/mod manager buttons",
          "// Button Location": "Position of buttons on tiles (left/right)",
          "// Button Size": "Size of action buttons on grid tiles",
          "// Categories Alignment": "Horizontal alignment of categories (left/center/right)",
          "// Categories Position": "Position of category badges (top/bottom)",
          "// Categories Size": "Font size for category text",
          "// Description Size": "Font size for description text in grid tiles",
          "// Description Width": "Percentage of panel width for description text (0-100)",
          "// Details Panel Boxart Position": "Position of boxart in panel (left/right)",
          "// Details Panel Boxart Size": "Size of boxart in details panel",
          "// Details Panel Button Colors": "Colors for details panel buttons",
          "// Details Panel Button Location": "Position of buttons (left/right)",
          "// Details Panel Button Size": "Size of buttons in details panel",
          "// Details Panel Logo Size": "Size of logo in details panel (50-200)",
          "// Details Panel Opacity": "Transparency of details panel overlay (0-100)",
          "// Details Panel Text Size": "Font size for details panel text",
          "// Details Panel Width": "Width of the right-side details panel",
          "// Fanart Height": "Height of the background fanart area",
          "// Show Categories": "Display category badges on game tiles",
          "// Show Logo Over Boxart": "Display game logo on top of boxart tile",
          "// Tile Padding": "Spacing between game tiles in pixels",
          "// ── Categories Display ──": "",
          "// ── Details Panel ──": "",
          "// ── Grid-Specific Settings ──": "",
          "backgroundBrightness": 0.3,
          "categoriesAlignment": "left",
          "categoriesPosition": "top",
          "categoriesSize": 12,
          "descriptionWidth": 50,
          "detailsPanelOpacity": 80,
          "fanartHeight": 320,
          "gameTilePadding": 10,
          "gridButtonColors": {
            "editColor": "#6b7280",
            "modManagerColor": "#a855f7",
            "playColor": "#0ea5e9",
          },
          "gridButtonLocation": "right",
          "gridButtonSize": 13,
          "gridDescriptionSize": 14,
          "gridSize": 119,
          "panelWidth": 800,
          "rightPanelBoxartPosition": "right",
          "rightPanelBoxartSize": 200,
          "rightPanelButtonColors": {
            "editColor": "#6b7280",
            "modManagerColor": "#a855f7",
            "playColor": "#0ea5e9",
          },
          "rightPanelButtonLocation": "right",
          "rightPanelButtonSize": 13,
          "rightPanelLogoSize": 100,
          "rightPanelTextSize": 13,
          "showCategories": false,
          "showLogoOverBoxart": false,
        },
      },
      "listView": {
        "// Description": "List View displays games as rows with boxart/logo + info",
        "// List View Settings": "════════════════════════════════════════════════",
        "// Per-Game Custom Settings": "═══════════════════════════════════════════",
        "// Per-Game Description": "Custom List View settings for specific games (logo sizes, etc.)",
        "gamesCustomSettings": {},
        "settings": {
          "// Background Brightness": "Brightness/darkness of background image (0.0-1.0)",
          "// Button Colors": "Colors for play/edit/mod manager buttons",
          "// Categories Alignment": "Horizontal alignment of categories (left/center/right)",
          "// Categories Position": "Position of category badges (top/bottom)",
          "// Categories Size": "Font size for category text",
          "// Description Width": "Percentage of panel width for description text (0-100)",
          "// Details Panel Boxart Position": "Position of boxart in panel (left/right)",
          "// Details Panel Boxart Size": "Size of boxart in details panel",
          "// Details Panel Button Colors": "Colors for details panel buttons",
          "// Details Panel Button Location": "Position of buttons (left/right)",
          "// Details Panel Button Size": "Size of buttons in details panel",
          "// Details Panel Logo Size": "Size of logo in details panel (50-200)",
          "// Details Panel Opacity": "Transparency of details panel overlay (0-100)",
          "// Details Panel Text Size": "Font size for details panel text",
          "// Details Panel Width": "Width of the right-side details panel",
          "// Fanart Height": "Height of the background fanart area",
          "// List Display Options": "Control which info columns are shown in List View",
          "// List Row Size": "Height of each game row in List View",
          "// Show Categories": "Display category badges in list rows",
          "// ── Categories Display ──": "",
          "// ── Details Panel ──": "",
          "// ── List-Specific Settings ──": "",
          "backgroundBrightness": 0.3,
          "categoriesAlignment": "left",
          "categoriesPosition": "top",
          "categoriesSize": 12,
          "descriptionWidth": 50,
          "detailsPanelOpacity": 80,
          "fanartHeight": 320,
          "listButtonColors": {
            "editColor": "#6b7280",
            "modManagerColor": "#a855f7",
            "playColor": "#0ea5e9",
          },
          "listViewOptions": {
            "showCategories": false,
            "showDescription": true,
            "showGenres": true,
            "showLauncher": true,
            "showLogos": false,
            "showPlatform": false,
            "showPlaytime": true,
            "showReleaseDate": true,
            "titleTextSize": 18,
          },
          "listViewSize": 80,
          "panelWidth": 800,
          "rightPanelBoxartPosition": "right",
          "rightPanelBoxartSize": 200,
          "rightPanelButtonColors": {
            "editColor": "#6b7280",
            "modManagerColor": "#a855f7",
            "playColor": "#0ea5e9",
          },
          "rightPanelButtonLocation": "right",
          "rightPanelButtonSize": 13,
          "rightPanelLogoSize": 100,
          "rightPanelTextSize": 13,
          "showCategories": false,
        },
      },
      "logoView": {
        "// Description": "Logo View displays games as large logos on backgrounds",
        "// Logo View Settings": "════════════════════════════════════════════════",
        "// Per-Game Custom Settings": "═══════════════════════════════════════════",
        "// Per-Game Description": "Custom Logo View settings for specific games (logo sizes, etc.)",
        "gamesCustomSettings": {},
        "settings": {
          "// Auto Size To Fit": "Automatically adjust logo size to fit screen",
          "// Background Brightness": "Brightness/darkness of background image (0.0-1.0)",
          "// Button Colors": "Colors for play/edit/mod manager buttons",
          "// Categories Alignment": "Horizontal alignment of categories (left/center/right)",
          "// Categories Position": "Position of category badges (top/bottom)",
          "// Categories Size": "Font size for category text",
          "// Description Width": "Percentage of panel width for description text (0-100)",
          "// Details Panel Boxart Position": "Position of boxart in panel (left/right)",
          "// Details Panel Boxart Size": "Size of boxart in details panel",
          "// Details Panel Button Colors": "Colors for details panel buttons",
          "// Details Panel Button Location": "Position of buttons (left/right)",
          "// Details Panel Button Size": "Size of buttons in details panel",
          "// Details Panel Logo Size": "Size of logo in details panel (50-200)",
          "// Details Panel Opacity": "Transparency of details panel overlay (0-100)",
          "// Details Panel Text Size": "Font size for details panel text",
          "// Details Panel Width": "Width of the right-side details panel",
          "// Fanart Height": "Height of the background fanart area",
          "// Logo Background Opacity": "Opacity of overlay behind logo (0.0-1.0)",
          "// Logo Height": "Maximum height for logos",
          "// Logo Position": "Vertical position of logo on background",
          "// Logo Size": "Size of game logos in Logo View (50-200)",
          "// Show Categories": "Display category badges in logo view",
          "// ── Categories Display ──": "",
          "// ── Details Panel ──": "",
          "// ── Logo-Specific Settings ──": "",
          "autoSizeToFit": false,
          "backgroundBrightness": 0.3,
          "categoriesAlignment": "left",
          "categoriesPosition": "top",
          "categoriesSize": 12,
          "descriptionWidth": 50,
          "detailsPanelOpacity": 80,
          "fanartHeight": 320,
          "logoBackgroundOpacity": 100,
          "logoButtonColors": {
            "editColor": "#6b7280",
            "modManagerColor": "#a855f7",
            "playColor": "#0ea5e9",
          },
          "logoHeight": 100,
          "logoPosition": "middle",
          "logoSize": 100,
          "panelWidth": 800,
          "rightPanelBoxartPosition": "right",
          "rightPanelBoxartSize": 200,
          "rightPanelButtonColors": {
            "editColor": "#6b7280",
            "modManagerColor": "#a855f7",
            "playColor": "#0ea5e9",
          },
          "rightPanelButtonLocation": "right",
          "rightPanelButtonSize": 13,
          "rightPanelLogoSize": 100,
          "rightPanelTextSize": 13,
          "showCategories": false,
        },
      },
    },
  },
  "showCarouselDetails": true,
  "showCarouselLogos": true,
  "showCategoriesInGameListByView": {
    "grid": false,
    "list": false,
    "logo": false,
  },
  "showLogoOverBoxart": false,
  "showSystemTrayIcon": true,
  "startClosedToTray": false,
  "startInFullscreen": false,
  "startMinimized": false,
  "startWithComputer": false,
  "storeMetadataLocally": true,
  "suspendShortcut": "Ctrl+Shift+S",
  "titleFontFamily": "system-ui",
  "titleFontSize": 24,
  "updateLibrariesOnStartup": false,
  "viewMode": "grid",
  "visibleDetails": {
    "ageRating": true,
    "communityScore": true,
    "criticScore": true,
    "developers": true,
    "genres": true,
    "installationDirectory": true,
    "platform": true,
    "publishers": true,
    "releaseDate": true,
    "userScore": true,
  },
  "visibleLinkTypes": {},
  "windowState": undefined,
}
`;
